flash_writer.c:6:6:flash_writer_init	0	static
flash_writer.c:10:6:flash_writer_ready	8	static
flash_writer.c:14:6:flash_writer_open	24	static
flash_writer.c:38:6:flash_writer_write_int	8	static
flash_writer.c:48:6:flash_writer_write_uint	8	static
flash_writer.c:55:6:flash_writer_write_float	8	static
flash_writer.c:65:6:flash_writer_close	8	static
flash_writer.c:70:5:flash_read_int	8	static
flash_writer.c:74:10:flash_read_uint	8	static
flash_writer.c:78:7:flash_read_float	8	static
flash_writer.c:87:10:GetBank	0	static
flash_writer.c:92:6:flash_error	8	static
