flash_writer.c:6:6:flash_writer_init	16	static
flash_writer.c:10:6:flash_writer_ready	16	static
flash_writer.c:14:6:flash_writer_open	24	static
flash_writer.c:38:6:flash_writer_write_int	40	static
flash_writer.c:48:6:flash_writer_write_uint	32	static
flash_writer.c:55:6:flash_writer_write_float	32	static
flash_writer.c:65:6:flash_writer_close	16	static
flash_writer.c:70:5:flash_read_int	24	static
flash_writer.c:74:10:flash_read_uint	24	static
flash_writer.c:78:7:flash_read_float	24	static
flash_writer.c:87:10:GetBank	16	static
flash_writer.c:92:6:flash_error	8	static
